// Jest Snapshot v1, https://goo.gl/fbAQLP

exports[`The my events component should render events when they are passed down as props 1`] = `
<div
  className="MuiDrawer-root MuiDrawer-docked"
>
  <div
    className="MuiPaper-root MuiDrawer-paper MuiDrawer-paperAnchorLeft MuiDrawer-paperAnchorDockedLeft MuiPaper-elevation0"
  >
    <ul
      className="MuiList-root MuiList-padding"
      style={
        Object {
          "marginTop": "20%",
        }
      }
    >
      <div>
        <li
          className="MuiListItem-root makeStyles-listItem-1 MuiListItem-gutters"
          disabled={false}
        >
          <div
            className="MuiListItemText-root MuiListItemText-multiline"
          >
            <h6
              className="MuiTypography-root MuiTypography-h6"
            />
            <p
              className="MuiTypography-root MuiTypography-body1"
            >
              NaN/NaN/NaN NaN:NaN
            </p>
          </div>
          <button
            className="MuiButtonBase-root MuiButton-root MuiButton-contained MuiButton-containedPrimary MuiButton-fullWidth"
            disabled={false}
            onBlur={[Function]}
            onClick={[Function]}
            onDragLeave={[Function]}
            onFocus={[Function]}
            onKeyDown={[Function]}
            onKeyUp={[Function]}
            onMouseDown={[Function]}
            onMouseLeave={[Function]}
            onMouseUp={[Function]}
            onTouchEnd={[Function]}
            onTouchMove={[Function]}
            onTouchStart={[Function]}
            tabIndex={0}
            type="button"
          >
            <span
              className="MuiButton-label"
            >
              Details
            </span>
          </button>
        </li>
        <hr
          className="MuiDivider-root"
        />
      </div>
    </ul>
  </div>
</div>
`;

exports[`The my events component should render no events found when there are no events 1`] = `
<div
  className="MuiDrawer-root MuiDrawer-docked"
>
  <div
    className="MuiPaper-root MuiDrawer-paper MuiDrawer-paperAnchorLeft MuiDrawer-paperAnchorDockedLeft MuiPaper-elevation0"
  >
    <p
      className="MuiTypography-root MuiTypography-body1"
    >
      You don't have any events
    </p>
  </div>
</div>
`;
